#-----------------------------------------------------------
# Vivado v2023.2.2 (64-bit)
# SW Build 4126759 on Thu Feb  8 23:53:51 MST 2024
# IP Build 4126054 on Fri Feb  9 11:39:09 MST 2024
# SharedData Build 4115275 on Tue Jan 30 00:40:57 MST 2024
# Start of session at: Thu Apr  4 19:22:25 2024
# Process ID: 19740
# Current directory: C:/Users/woute/Desktop/rest/HBO/Projecten/Retrogame/RetroGame/VHDL/uart_communication/uart_communication.runs/synth_1
# Command line: vivado.exe -log main.vds -product Vivado -mode batch -messageDb vivado.pb -notrace -source main.tcl
# Log file: C:/Users/woute/Desktop/rest/HBO/Projecten/Retrogame/RetroGame/VHDL/uart_communication/uart_communication.runs/synth_1/main.vds
# Journal file: C:/Users/woute/Desktop/rest/HBO/Projecten/Retrogame/RetroGame/VHDL/uart_communication/uart_communication.runs/synth_1\vivado.jou
# Running On: MSI, OS: Windows, CPU Frequency: 2592 MHz, CPU Physical cores: 6, Host memory: 16991 MB
#-----------------------------------------------------------
source main.tcl -notrace
