#-----------------------------------------------------------
# Vivado v2023.2 (64-bit)
# SW Build 4029153 on Fri Oct 13 20:14:34 MDT 2023
# IP Build 4028589 on Sat Oct 14 00:45:43 MDT 2023
# SharedData Build 4025554 on Tue Oct 10 17:18:54 MDT 2023
# Start of session at: Sun Apr 14 22:03:47 2024
# Process ID: 31948
# Current directory: C:/Users/Wouter/Desktop/School/Projecten/RetroGame/RetroGame/VHDL/uart_communication/uart_communication.runs/synth_1
# Command line: vivado.exe -log Top.vds -product Vivado -mode batch -messageDb vivado.pb -notrace -source Top.tcl
# Log file: C:/Users/Wouter/Desktop/School/Projecten/RetroGame/RetroGame/VHDL/uart_communication/uart_communication.runs/synth_1/Top.vds
# Journal file: C:/Users/Wouter/Desktop/School/Projecten/RetroGame/RetroGame/VHDL/uart_communication/uart_communication.runs/synth_1\vivado.jou
# Running On: PC-WouterRosenbrand, OS: Windows, CPU Frequency: 3800 MHz, CPU Physical cores: 16, Host memory: 34281 MB
#-----------------------------------------------------------
source Top.tcl -notrace
