#-----------------------------------------------------------
# Vivado v2023.2.2 (64-bit)
# SW Build 4126759 on Thu Feb  8 23:53:51 MST 2024
# IP Build 4126054 on Fri Feb  9 11:39:09 MST 2024
# SharedData Build 4115275 on Tue Jan 30 00:40:57 MST 2024
# Start of session at: Fri Apr 12 11:00:51 2024
# Process ID: 8380
# Current directory: C:/Users/woute/Desktop/rest/HBO/Projecten/Retrogame/RetroGame/VHDL/uart_communication/uart_communication.runs/blk_mem_gen_2_synth_1
# Command line: vivado.exe -log blk_mem_gen_2.vds -product Vivado -mode batch -messageDb vivado.pb -notrace -source blk_mem_gen_2.tcl
# Log file: C:/Users/woute/Desktop/rest/HBO/Projecten/Retrogame/RetroGame/VHDL/uart_communication/uart_communication.runs/blk_mem_gen_2_synth_1/blk_mem_gen_2.vds
# Journal file: C:/Users/woute/Desktop/rest/HBO/Projecten/Retrogame/RetroGame/VHDL/uart_communication/uart_communication.runs/blk_mem_gen_2_synth_1\vivado.jou
# Running On: MSI, OS: Windows, CPU Frequency: 2592 MHz, CPU Physical cores: 6, Host memory: 16991 MB
#-----------------------------------------------------------
source blk_mem_gen_2.tcl -notrace
