#-----------------------------------------------------------
# Vivado v2023.2 (64-bit)
# SW Build 4029153 on Fri Oct 13 20:14:34 MDT 2023
# IP Build 4028589 on Sat Oct 14 00:45:43 MDT 2023
# SharedData Build 4025554 on Tue Oct 10 17:18:54 MDT 2023
# Start of session at: Wed Apr 10 14:51:10 2024
# Process ID: 11516
# Current directory: C:/Users/woute/Desktop/rest/HBO/Projecten/Retrogame/RetroGame/VHDL/uart_communication/uart_communication.runs/blk_mem_gen_4_synth_1
# Command line: vivado.exe -log blk_mem_gen_4.vds -product Vivado -mode batch -messageDb vivado.pb -notrace -source blk_mem_gen_4.tcl
# Log file: C:/Users/woute/Desktop/rest/HBO/Projecten/Retrogame/RetroGame/VHDL/uart_communication/uart_communication.runs/blk_mem_gen_4_synth_1/blk_mem_gen_4.vds
# Journal file: C:/Users/woute/Desktop/rest/HBO/Projecten/Retrogame/RetroGame/VHDL/uart_communication/uart_communication.runs/blk_mem_gen_4_synth_1\vivado.jou
# Running On: MSI, OS: Windows, CPU Frequency: 2592 MHz, CPU Physical cores: 6, Host memory: 16991 MB
#-----------------------------------------------------------
source blk_mem_gen_4.tcl -notrace
